[字体] /home/runner/work/PC28-data-source-interface/PC28-data-source-interface/fonts/NotoSansSC.ttf
[loop] 启动循环轮询 3.0 分钟，每 15s 检查一次
[源] pc28.help 返回 1 条，使用该源
[数] 最新期号: 3490278 结果: 9+5+1=15 大单 形态:杂六
[去重] 上次已推送: '3490276', 本次: 3490278
result.png title_h= 173 title_center= (1146, 205)
[图] result.png 生成成功（当前季节: 冬）
[TG] 频道图片推送 成功: status=200 {"ok": true, "result": {"message_id": 21890, "sender_chat": {"id": -1004316011766, "title": "加拿大PC28开奖频道-开奖查询", "username": "pc28jndkj", "type": "channel"}, "chat": {"id": -1004316011766, "title": "加拿大PC28开奖频道-开奖查询", "username": "pc28jndkj", "type": "channel"}, "date": 1791180323, "photo": [{"file_i
[TG] 群组文字推送 成功: status=200 {"ok": true, "result": {"message_id": 258592, "from": {"id": 8415517129, "is_bot": true, "first_name": "PC28未来数据站", "username": "pc28realtimedataBot"}, "chat": {"id": -1003480986680, "title": "PC28鸿运社🇨🇦", "username": "pc28hys", "type": "supergroup"}, "date": 1791180323, "text": "📢 最新开奖信息\n📅 最新期号: 34
[git] 数据已实时提交并推送
✅ 推送完成
[源] pc28.help 返回 1 条，使用该源
[数] 最新期号: 3490278 结果: 9+5+1=15 大单 形态:杂六
[去重] 上次已推送: '3490278', 本次: 3490278
已推送过该期，跳过推送（仅更新数据文件）
[源] pc28.help 返回 1 条，使用该源
[数] 最新期号: 3490278 结果: 9+5+1=15 大单 形态:杂六
[去重] 上次已推送: '3490278', 本次: 3490278
已推送过该期，跳过推送（仅更新数据文件）
[源] pc28.help 返回 1 条，使用该源
[数] 最新期号: 3490279 结果: 7+8+8=23 大单 形态:对子
[去重] 上次已推送: '3490278', 本次: 3490279
result.png title_h= 173 title_center= (1146, 205)
[图] result.png 生成成功（当前季节: 冬）
[TG] 频道图片推送 成功: status=200 {"ok": true, "result": {"message_id": 21891, "sender_chat": {"id": -1004316011766, "title": "加拿大PC28开奖频道-开奖查询", "username": "pc28jndkj", "type": "channel"}, "chat": {"id": -1004316011766, "title": "加拿大PC28开奖频道-开奖查询", "username": "pc28jndkj", "type": "channel"}, "date": 1791180374, "photo": [{"file_i
[TG] 群组文字推送 成功: status=200 {"ok": true, "result": {"message_id": 258594, "from": {"id": 8415517129, "is_bot": true, "first_name": "PC28未来数据站", "username": "pc28realtimedataBot"}, "chat": {"id": -1003480986680, "title": "PC28鸿运社🇨🇦", "username": "pc28hys", "type": "supergroup"}, "date": 1791180375, "text": "📢 最新开奖信息\n📅 最新期号: 34
[git] 数据已实时提交并推送
✅ 推送完成
[源] pc28.help 返回 1 条，使用该源
[数] 最新期号: 3490279 结果: 7+8+8=23 大单 形态:对子
[去重] 上次已推送: '3490279', 本次: 3490279
已推送过该期，跳过推送（仅更新数据文件）
[源] pc28.help 返回 1 条，使用该源
[数] 最新期号: 3490279 结果: 7+8+8=23 大单 形态:对子
[去重] 上次已推送: '3490279', 本次: 3490279
已推送过该期，跳过推送（仅更新数据文件）
[源] pc28.help 返回 1 条，使用该源
[数] 最新期号: 3490279 结果: 7+8+8=23 大单 形态:对子
[去重] 上次已推送: '3490279', 本次: 3490279
已推送过该期，跳过推送（仅更新数据文件）
[源] pc28.help 返回 1 条，使用该源
[数] 最新期号: 3490279 结果: 7+8+8=23 大单 形态:对子
[去重] 上次已推送: '3490279', 本次: 3490279
已推送过该期，跳过推送（仅更新数据文件）
[源] pc28.help 返回 1 条，使用该源
[数] 最新期号: 3490279 结果: 7+8+8=23 大单 形态:对子
[去重] 上次已推送: '3490279', 本次: 3490279
已推送过该期，跳过推送（仅更新数据文件）
[源] pc28.help 返回 1 条，使用该源
[数] 最新期号: 3490279 结果: 7+8+8=23 大单 形态:对子
[去重] 上次已推送: '3490279', 本次: 3490279
已推送过该期，跳过推送（仅更新数据文件）
[源] pc28.help 返回 1 条，使用该源
[数] 最新期号: 3490279 结果: 7+8+8=23 大单 形态:对子
[去重] 上次已推送: '3490279', 本次: 3490279
已推送过该期，跳过推送（仅更新数据文件）
[loop] 循环结束
